// Jest Snapshot v1, https://goo.gl/fbAQLP

exports[`Routing Service rendering a route with a callback 1`] = `
<div>
   Test 
</div>
`;

exports[`Routing Service rendering a route with a falsy callback 1`] = `null`;

exports[`Routing Service rendering a route without a callback 1`] = `
<div>
   Test 
</div>
`;
